00:00 +0: loading D:/Sridhar/Flutter tasks/elyx_digital_task_app/test/presentation/users_notifier_test.dart
00:00 +0: UsersNotifier Tests fetches users successfully and updates state
00:00 +0 -1: UsersNotifier Tests fetches users successfully and updates state [E]
  No matching calls. All calls: MockUserRepository.getUsers({page: 1, perPage: 10, refresh: false})
  (If you called `verify(...).called(0);`, please instead use `verifyNever(...);`.)
  package:matcher                                   fail
  package:mockito/src/mock.dart 797:7               _VerifyCall._checkWith
  package:mockito/src/mock.dart 1071:18             _makeVerify.<fn>
  test\presentation\users_notifier_test.dart 62:13  main.<fn>.<fn>
  
00:00 +0 -1: UsersNotifier Tests handles API failure correctly and sets error state
00:00 +1 -1: UsersNotifier Tests search query filters users properly
00:01 +2 -1: Some tests failed.
